This is pdfTeX, Version 3.141592653-2.6-1.40.27 (TeX Live 2025) (preloaded format=pdflatex 2025.12.26)  10 SEP 2026 23:47
entering extended mode
 restricted \write18 enabled.
 %&-line parsing enabled.
**Supplementary_Information_PRISMA.tex
(./Supplementary_Information_PRISMA.tex
LaTeX2e <2024-11-01> patch level 2
L3 programming layer <2025-01-18>
(/usr/local/texlive/2025basic/texmf-dist/tex/latex/base/article.cls
Document Class: article 2024/06/29 v1.4n Standard LaTeX document class
(/usr/local/texlive/2025basic/texmf-dist/tex/latex/base/size10.clo
File: size10.clo 2024/06/29 v1.4n Standard LaTeX file (size option)
)
\c@part=\count196
\c@section=\count197
\c@subsection=\count198
\c@subsubsection=\count199
\c@paragraph=\count266
\c@subparagraph=\count267
\c@figure=\count268
\c@table=\count269
\abovecaptionskip=\skip49
\belowcaptionskip=\skip50
\bibindent=\dimen141
)
(/usr/local/texlive/2025basic/texmf-dist/tex/latex/base/inputenc.sty
Package: inputenc 2024/02/08 v1.3d Input encoding file
\inpenc@prehook=\toks17
\inpenc@posthook=\toks18
)
(/usr/local/texlive/2025basic/texmf-dist/tex/latex/base/fontenc.sty
Package: fontenc 2021/04/29 v2.0v Standard LaTeX package
)
(/usr/local/texlive/2025basic/texmf-dist/tex/latex/geometry/geometry.sty
Package: geometry 2020/01/02 v5.9 Page Geometry

(/usr/local/texlive/2025basic/texmf-dist/tex/latex/graphics/keyval.sty
Package: keyval 2022/05/29 v1.15 key=value parser (DPC)
\KV@toks@=\toks19
)
(/usr/local/texlive/2025basic/texmf-dist/tex/generic/iftex/ifvtex.sty
Package: ifvtex 2019/10/25 v1.7 ifvtex legacy package. Use iftex instead.

(/usr/local/texlive/2025basic/texmf-dist/tex/generic/iftex/iftex.sty
Package: iftex 2024/12/12 v1.0g TeX engine tests
))
\Gm@cnth=\count270
\Gm@cntv=\count271
\c@Gm@tempcnt=\count272
\Gm@bindingoffset=\dimen142
\Gm@wd@mp=\dimen143
\Gm@odd@mp=\dimen144
\Gm@even@mp=\dimen145
\Gm@layoutwidth=\dimen146
\Gm@layoutheight=\dimen147
\Gm@layouthoffset=\dimen148
\Gm@layoutvoffset=\dimen149
\Gm@dimlist=\toks20
)
(/usr/local/texlive/2025basic/texmf-dist/tex/latex/booktabs/booktabs.sty
Package: booktabs 2020/01/12 v1.61803398 Publication quality tables
\heavyrulewidth=\dimen150
\lightrulewidth=\dimen151
\cmidrulewidth=\dimen152
\belowrulesep=\dimen153
\belowbottomsep=\dimen154
\aboverulesep=\dimen155
\abovetopsep=\dimen156
\cmidrulesep=\dimen157
\cmidrulekern=\dimen158
\defaultaddspace=\dimen159
\@cmidla=\count273
\@cmidlb=\count274
\@aboverulesep=\dimen160
\@belowrulesep=\dimen161
\@thisruleclass=\count275
\@lastruleclass=\count276
\@thisrulewidth=\dimen162
)
(/usr/local/texlive/2025basic/texmf-dist/tex/latex/tools/longtable.sty
Package: longtable 2024-10-27 v4.22 Multi-page Table package (DPC)
\LTleft=\skip51
\LTright=\skip52
\LTpre=\skip53
\LTpost=\skip54
\LTchunksize=\count277
\LTcapwidth=\dimen163
\LT@head=\box52
\LT@firsthead=\box53
\LT@foot=\box54
\LT@lastfoot=\box55
\LT@gbox=\box56
\LT@cols=\count278
\LT@rows=\count279
\c@LT@tables=\count280
\c@LT@chunks=\count281
\LT@p@ftn=\toks21
)
(./array.sty
Package: array 2025/09/25 v2.6n Tabular extension package (FMi)
\col@sep=\dimen164
\ar@mcellbox=\box57
\extrarowheight=\dimen165
\NC@list=\toks22
\extratabsurround=\skip55
\backup@length=\skip56
\ar@cellbox=\box58
)
(/usr/local/texlive/2025basic/texmf-dist/tex/latex/xcolor/xcolor.sty
Package: xcolor 2024/09/29 v3.02 LaTeX color extensions (UK)

(/usr/local/texlive/2025basic/texmf-dist/tex/latex/graphics-cfg/color.cfg
File: color.cfg 2016/01/02 v1.6 sample color configuration
)
Package xcolor Info: Driver file: pdftex.def on input line 274.

(/usr/local/texlive/2025basic/texmf-dist/tex/latex/graphics-def/pdftex.def
File: pdftex.def 2024/04/13 v1.2c Graphics/color driver for pdftex
)
(/usr/local/texlive/2025basic/texmf-dist/tex/latex/graphics/mathcolor.ltx)
Package xcolor Info: Model `cmy' substituted by `cmy0' on input line 1349.
Package xcolor Info: Model `hsb' substituted by `rgb' on input line 1353.
Package xcolor Info: Model `RGB' extended on input line 1365.
Package xcolor Info: Model `HTML' substituted by `rgb' on input line 1367.
Package xcolor Info: Model `Hsb' substituted by `hsb' on input line 1368.
Package xcolor Info: Model `tHsb' substituted by `hsb' on input line 1369.
Package xcolor Info: Model `HSB' substituted by `hsb' on input line 1370.
Package xcolor Info: Model `Gray' substituted by `gray' on input line 1371.
Package xcolor Info: Model `wave' substituted by `hsb' on input line 1372.
)
(/usr/local/texlive/2025basic/texmf-dist/tex/latex/hyperref/hyperref.sty
Package: hyperref 2024-11-05 v7.01l Hypertext links for LaTeX

(/usr/local/texlive/2025basic/texmf-dist/tex/latex/kvsetkeys/kvsetkeys.sty
Package: kvsetkeys 2022-10-05 v1.19 Key value parser (HO)
)
(/usr/local/texlive/2025basic/texmf-dist/tex/generic/kvdefinekeys/kvdefinekeys.
sty
Package: kvdefinekeys 2019-12-19 v1.6 Define keys (HO)
)
(/usr/local/texlive/2025basic/texmf-dist/tex/generic/pdfescape/pdfescape.sty
Package: pdfescape 2019/12/09 v1.15 Implements pdfTeX's escape features (HO)

(/usr/local/texlive/2025basic/texmf-dist/tex/generic/ltxcmds/ltxcmds.sty
Package: ltxcmds 2023-12-04 v1.26 LaTeX kernel commands for general use (HO)
)
(/usr/local/texlive/2025basic/texmf-dist/tex/generic/pdftexcmds/pdftexcmds.sty
Package: pdftexcmds 2020-06-27 v0.33 Utility functions of pdfTeX for LuaTeX (HO
)

(/usr/local/texlive/2025basic/texmf-dist/tex/generic/infwarerr/infwarerr.sty
Package: infwarerr 2019/12/03 v1.5 Providing info/warning/error messages (HO)
)
Package pdftexcmds Info: \pdf@primitive is available.
Package pdftexcmds Info: \pdf@ifprimitive is available.
Package pdftexcmds Info: \pdfdraftmode found.
)) (/usr/local/texlive/2025basic/texmf-dist/tex/latex/hycolor/hycolor.sty
Package: hycolor 2020-01-27 v1.10 Color options for hyperref/bookmark (HO)
)
(/usr/local/texlive/2025basic/texmf-dist/tex/latex/hyperref/nameref.sty
Package: nameref 2023-11-26 v2.56 Cross-referencing by name of section

(/usr/local/texlive/2025basic/texmf-dist/tex/latex/refcount/refcount.sty
Package: refcount 2019/12/15 v3.6 Data extraction from label references (HO)
)
(/usr/local/texlive/2025basic/texmf-dist/tex/generic/gettitlestring/gettitlestr
ing.sty
Package: gettitlestring 2019/12/15 v1.6 Cleanup title references (HO)

(/usr/local/texlive/2025basic/texmf-dist/tex/latex/kvoptions/kvoptions.sty
Package: kvoptions 2022-06-15 v3.15 Key value format for package options (HO)
))
\c@section@level=\count282
)
(/usr/local/texlive/2025basic/texmf-dist/tex/latex/etoolbox/etoolbox.sty
Package: etoolbox 2025/02/11 v2.5l e-TeX tools for LaTeX (JAW)
\etb@tempcnta=\count283
)
(/usr/local/texlive/2025basic/texmf-dist/tex/generic/stringenc/stringenc.sty
Package: stringenc 2019/11/29 v1.12 Convert strings between diff. encodings (HO
)
)
\@linkdim=\dimen166
\Hy@linkcounter=\count284
\Hy@pagecounter=\count285

(/usr/local/texlive/2025basic/texmf-dist/tex/latex/hyperref/pd1enc.def
File: pd1enc.def 2024-11-05 v7.01l Hyperref: PDFDocEncoding definition (HO)
Now handling font encoding PD1 ...
... no UTF-8 mapping file for font encoding PD1
)
(/usr/local/texlive/2025basic/texmf-dist/tex/generic/intcalc/intcalc.sty
Package: intcalc 2019/12/15 v1.3 Expandable calculations with integers (HO)
)
\Hy@SavedSpaceFactor=\count286

(/usr/local/texlive/2025basic/texmf-dist/tex/latex/hyperref/puenc.def
File: puenc.def 2024-11-05 v7.01l Hyperref: PDF Unicode definition (HO)
Now handling font encoding PU ...
... no UTF-8 mapping file for font encoding PU
)
Package hyperref Info: Hyper figures OFF on input line 4157.
Package hyperref Info: Link nesting OFF on input line 4162.
Package hyperref Info: Hyper index ON on input line 4165.
Package hyperref Info: Plain pages OFF on input line 4172.
Package hyperref Info: Backreferencing OFF on input line 4177.
Package hyperref Info: Implicit mode ON; LaTeX internals redefined.
Package hyperref Info: Bookmarks ON on input line 4424.
\c@Hy@tempcnt=\count287

(/usr/local/texlive/2025basic/texmf-dist/tex/latex/url/url.sty
\Urlmuskip=\muskip17
Package: url 2013/09/16  ver 3.4  Verb mode for urls, etc.
)
LaTeX Info: Redefining \url on input line 4763.
\XeTeXLinkMargin=\dimen167

(/usr/local/texlive/2025basic/texmf-dist/tex/generic/bitset/bitset.sty
Package: bitset 2019/12/09 v1.3 Handle bit-vector datatype (HO)

(/usr/local/texlive/2025basic/texmf-dist/tex/generic/bigintcalc/bigintcalc.sty
Package: bigintcalc 2019/12/15 v1.5 Expandable calculations on big integers (HO
)
))
\Fld@menulength=\count288
\Field@Width=\dimen168
\Fld@charsize=\dimen169
Package hyperref Info: Hyper figures OFF on input line 6042.
Package hyperref Info: Link nesting OFF on input line 6047.
Package hyperref Info: Hyper index ON on input line 6050.
Package hyperref Info: backreferencing OFF on input line 6057.
Package hyperref Info: Link coloring OFF on input line 6062.
Package hyperref Info: Link coloring with OCG OFF on input line 6067.
Package hyperref Info: PDF/A mode OFF on input line 6072.
 (/usr/local/texlive/2025basic/texmf-dist/tex/latex/base/atbegshi-ltx.sty
Package: atbegshi-ltx 2021/01/10 v1.0c Emulation of the original atbegshi
package with kernel methods
)
\Hy@abspage=\count289
\c@Item=\count290
\c@Hfootnote=\count291
)
Package hyperref Info: Driver (autodetected): hpdftex.

(/usr/local/texlive/2025basic/texmf-dist/tex/latex/hyperref/hpdftex.def
File: hpdftex.def 2024-11-05 v7.01l Hyperref driver for pdfTeX

(/usr/local/texlive/2025basic/texmf-dist/tex/latex/base/atveryend-ltx.sty
Package: atveryend-ltx 2020/08/19 v1.0a Emulation of the original atveryend pac
kage
with kernel methods
)
\Fld@listcount=\count292
\c@bookmark@seq@number=\count293

(/usr/local/texlive/2025basic/texmf-dist/tex/latex/rerunfilecheck/rerunfilechec
k.sty
Package: rerunfilecheck 2022-07-10 v1.10 Rerun checks for auxiliary files (HO)

(/usr/local/texlive/2025basic/texmf-dist/tex/generic/uniquecounter/uniquecounte
r.sty
Package: uniquecounter 2019/12/15 v1.4 Provide unlimited unique counter (HO)
)
Package uniquecounter Info: New unique counter `rerunfilecheck' on input line 2
85.
)
\Hy@SectionHShift=\skip57
)
Package hyperref Info: Option `colorlinks' set `true' on input line 11.

(/usr/local/texlive/2025basic/texmf-dist/tex/latex/l3backend/l3backend-pdftex.d
ef
File: l3backend-pdftex.def 2024-05-08 L3 backend support: PDF output (pdfTeX)
\l__color_backend_stack_int=\count294
\l__pdf_internal_box=\box59
) (./Supplementary_Information_PRISMA.aux)
\openout1 = `Supplementary_Information_PRISMA.aux'.

LaTeX Font Info:    Checking defaults for OML/cmm/m/it on input line 18.
LaTeX Font Info:    ... okay on input line 18.
LaTeX Font Info:    Checking defaults for OMS/cmsy/m/n on input line 18.
LaTeX Font Info:    ... okay on input line 18.
LaTeX Font Info:    Checking defaults for OT1/cmr/m/n on input line 18.
LaTeX Font Info:    ... okay on input line 18.
LaTeX Font Info:    Checking defaults for T1/cmr/m/n on input line 18.
LaTeX Font Info:    ... okay on input line 18.
LaTeX Font Info:    Checking defaults for TS1/cmr/m/n on input line 18.
LaTeX Font Info:    ... okay on input line 18.
LaTeX Font Info:    Checking defaults for OMX/cmex/m/n on input line 18.
LaTeX Font Info:    ... okay on input line 18.
LaTeX Font Info:    Checking defaults for U/cmr/m/n on input line 18.
LaTeX Font Info:    ... okay on input line 18.
LaTeX Font Info:    Checking defaults for PD1/pdf/m/n on input line 18.
LaTeX Font Info:    ... okay on input line 18.
LaTeX Font Info:    Checking defaults for PU/pdf/m/n on input line 18.
LaTeX Font Info:    ... okay on input line 18.

*geometry* driver: auto-detecting
*geometry* detected driver: pdftex
*geometry* verbose mode - [ preamble ] result:
* driver: pdftex
* paper: a4paper
* layout: <same size as paper>
* layoutoffset:(h,v)=(0.0pt,0.0pt)
* modes: 
* h-part:(L,W,R)=(61.42993pt, 474.64801pt, 61.42993pt)
* v-part:(T,H,B)=(61.42993pt, 722.18698pt, 61.42993pt)
* \paperwidth=597.50787pt
* \paperheight=845.04684pt
* \textwidth=474.64801pt
* \textheight=722.18698pt
* \oddsidemargin=-10.84006pt
* \evensidemargin=-10.84006pt
* \topmargin=-47.84006pt
* \headheight=12.0pt
* \headsep=25.0pt
* \topskip=10.0pt
* \footskip=30.0pt
* \marginparwidth=57.0pt
* \marginparsep=11.0pt
* \columnsep=10.0pt
* \skip\footins=9.0pt plus 4.0pt minus 2.0pt
* \hoffset=0.0pt
* \voffset=0.0pt
* \mag=1000
* \@twocolumnfalse
* \@twosidefalse
* \@mparswitchfalse
* \@reversemarginfalse
* (1in=72.27pt=25.4mm, 1cm=28.453pt)

(/usr/local/texlive/2025basic/texmf-dist/tex/context/base/mkii/supp-pdf.mkii
[Loading MPS to PDF converter (version 2006.09.02).]
\scratchcounter=\count295
\scratchdimen=\dimen170
\scratchbox=\box60
\nofMPsegments=\count296
\nofMParguments=\count297
\everyMPshowfont=\toks23
\MPscratchCnt=\count298
\MPscratchDim=\dimen171
\MPnumerator=\count299
\makeMPintoPDFobject=\count300
\everyMPtoPDFconversion=\toks24
)
Package hyperref Info: Link coloring ON on input line 18.
 (./Supplementary_Information_PRISMA.out)
(./Supplementary_Information_PRISMA.out)
\@outlinefile=\write3
\openout3 = `Supplementary_Information_PRISMA.out'.

LaTeX Font Info:    External font `cmex10' loaded for size
(Font)              <12> on input line 21.
LaTeX Font Info:    External font `cmex10' loaded for size
(Font)              <8> on input line 21.
LaTeX Font Info:    External font `cmex10' loaded for size
(Font)              <6> on input line 21.

Overfull \hbox (7.1995pt too wide) in paragraph at lines 34--34
[]|\T1/cmr/bx/n/10 Section/Topic| 
 []


Underfull \hbox (badness 10000) in paragraph at lines 34--34
[]|\T1/cmr/bx/n/10 Item
 []


Underfull \hbox (badness 10000) in paragraph at lines 34--35
[]|\T1/cmr/bx/n/10 Location in
 []


Overfull \hbox (25.75061pt too wide) in alignment at lines 32--36
 [] [] [] [] 
 []


Overfull \hbox (7.1995pt too wide) in paragraph at lines 38--38
[]|\T1/cmr/bx/n/10 Section/Topic| 
 []


Underfull \hbox (badness 10000) in paragraph at lines 38--38
[]|\T1/cmr/bx/n/10 Item
 []


Underfull \hbox (badness 10000) in paragraph at lines 38--39
[]|\T1/cmr/bx/n/10 Location in
 []


Overfull \hbox (25.75061pt too wide) in alignment at lines 36--40
 [] [] [] [] 
 []


Overfull \hbox (25.75061pt too wide) in alignment at lines 40--42
 [] [] [] [] 
 []


Overfull \hbox (25.75061pt too wide) in alignment at lines 42--44
 [] [] [] [] 
 []


Overfull \hbox (1.95772pt too wide) in paragraph at lines 48--48
[]|\T1/cmr/bx/n/10 ABSTRACT| 
 []


Underfull \hbox (badness 10000) in paragraph at lines 48--49
[]|\T1/cmr/m/n/10 Abstract (sin-gle para-
 []


Overfull \hbox (31.6588pt too wide) in paragraph at lines 50--50
[]|\T1/cmr/bx/n/10 INTRODUCTION| 
 []


Underfull \hbox (badness 2790) in paragraph at lines 55--56
[]|\T1/cmr/m/n/10 Methods (In-clu-sion and
 []


Underfull \hbox (badness 10000) in paragraph at lines 56--56
[]|\T1/cmr/m/n/10 Information
 []


Underfull \hbox (badness 6396) in paragraph at lines 57--57
[]|\T1/cmr/m/n/10 Search strat-
 []


Underfull \hbox (badness 2790) in paragraph at lines 58--59
[]|\T1/cmr/m/n/10 Methods (In-clu-sion and
 []


Underfull \hbox (badness 10000) in paragraph at lines 59--59
[]|\T1/cmr/m/n/10 Data col-lec-
 []


Underfull \hbox (badness 3838) in paragraph at lines 59--60
[]|\T1/cmr/m/n/10 Methods (Data Ex-trac-
 []


Underfull \hbox (badness 3838) in paragraph at lines 60--61
[]|\T1/cmr/m/n/10 Methods (Data Ex-trac-
 []


Underfull \hbox (badness 3838) in paragraph at lines 61--62
[]|\T1/cmr/m/n/10 Methods (Data Ex-trac-
 []


Underfull \hbox (badness 10000) in paragraph at lines 62--62
\T1/cmr/m/n/10 bias as-sess-
 []


Underfull \hbox (badness 2790) in paragraph at lines 62--63
[]|\T1/cmr/m/n/10 Methods (In-clu-sion and
 []


Underfull \hbox (badness 10000) in paragraph at lines 63--63
[]|\T1/cmr/m/n/10 Effect mea-
 []


Underfull \hbox (badness 10000) in paragraph at lines 64--64
[]|\T1/cmr/m/n/10 Synthesis
 []


Underfull \hbox (badness 10000) in paragraph at lines 65--65
[]|\T1/cmr/m/n/10 Reporting
 []


Underfull \hbox (badness 10000) in paragraph at lines 65--65
\T1/cmr/m/n/10 bias as-sess-
 []


Underfull \hbox (badness 3746) in paragraph at lines 66--66
[]|\T1/cmr/m/n/10 Certainty as-
 []


Underfull \hbox (badness 10000) in paragraph at lines 69--69
[]|\T1/cmr/m/n/10 Study se-lec-
 []


Underfull \hbox (badness 10000) in paragraph at lines 69--70
[]|\T1/cmr/m/n/10 Methods (Fig. 6:
 []


Underfull \hbox (badness 10000) in paragraph at lines 69--70
\T1/cmr/m/n/10 PRISMA screen-ing
 []


Underfull \hbox (badness 2564) in paragraph at lines 69--70
\T1/cmr/m/n/10 pipeline; Ta-ble 8: re-
 []


Underfull \hbox (badness 10000) in paragraph at lines 71--72
[]|\T1/cmr/m/n/10 Results (Ex-trap-o-la-tion,
 []


Underfull \hbox (badness 10000) in paragraph at lines 71--72
\T1/cmr/m/n/10 Im-pu-ta-tion, Syn-the-sis;
 []


Underfull \hbox (badness 4765) in paragraph at lines 73--74
\T1/cmr/m/n/10 pings and Com-par-a-tive
 []


Underfull \hbox (badness 10000) in paragraph at lines 74--74
[]|\T1/cmr/m/n/10 20a--
 []


Underfull \hbox (badness 1215) in paragraph at lines 75--75
[]|\T1/cmr/m/n/10 Reporting bi-
 []


Underfull \hbox (badness 10000) in paragraph at lines 76--76
[]|\T1/cmr/m/n/10 Certainty of
 []


Underfull \hbox (badness 10000) in paragraph at lines 76--77
[]|\T1/cmr/m/n/10 Results (clos-ing para-
 []


Underfull \hbox (badness 2126) in paragraph at lines 76--77
\T1/cmr/m/n/10 graphs of the Ex-trap-o-
 []


Underfull \hbox (badness 2012) in paragraph at lines 76--77
\T1/cmr/m/n/10 la-tion, Im-pu-ta-tion, and
 []


Overfull \hbox (8.88658pt too wide) in paragraph at lines 78--78
[]|\T1/cmr/bx/n/10 DISCUSSION| 
 []


Underfull \hbox (badness 10000) in paragraph at lines 80--81
[]|\T1/cmr/m/n/10 Discussion (lim-i-ta-tions
 []


Underfull \hbox (badness 10000) in paragraph at lines 80--81
\T1/cmr/m/n/10 and prac-ti-cal im-pli-ca-
 []


Underfull \hbox (badness 10000) in paragraph at lines 81--82
[]|\T1/cmr/m/n/10 Discussion (Lim-i-ta-tions,
 []


Underfull \hbox (badness 10000) in paragraph at lines 81--82
\T1/cmr/m/n/10 prac-ti-cal im-pli-ca-tions,
 []


Underfull \hbox (badness 10000) in paragraph at lines 82--83
\T1/cmr/m/n/10 Mul-ti-modal-ity, On-line
 []


Underfull \hbox (badness 10000) in paragraph at lines 84--84
[]|\T1/cmr/bx/n/10 OTHER
 []


Underfull \hbox (badness 10000) in paragraph at lines 84--84
\T1/cmr/bx/n/10 IN-FOR-MA-
 []


Underfull \hbox (badness 10000) in paragraph at lines 85--85
[]|\T1/cmr/m/n/10 Registration
 []


Underfull \hbox (badness 10000) in paragraph at lines 85--85
[]|\T1/cmr/m/n/10 24a--
 []


Underfull \hbox (badness 10000) in paragraph at lines 85--86
[]|\T1/cmr/m/n/10 Methods (Lit-er-a-ture
 []


Underfull \hbox (badness 10000) in paragraph at lines 85--86
\T1/cmr/m/n/10 Re-trieval Strat-egy &
 []


Underfull \hbox (badness 10000) in paragraph at lines 85--86
\T1/cmr/m/n/10 PRISMA com-pli-ance
 []


Underfull \hbox (badness 10000) in paragraph at lines 86--87
[]|\T1/cmr/m/n/10 Declarations (Fund-ing
 []


Underfull \hbox (badness 1565) in paragraph at lines 87--88
[]|\T1/cmr/m/n/10 Declarations (Com-pet-ing
 []


Underfull \hbox (badness 1540) in paragraph at lines 88--89
\T1/cmr/m/n/10 abil-ity and Code Avail-
 []


Overfull \hbox (25.75061pt too wide) in alignment at lines 44--89
 [] [] [] [] 
 []

[1

{/usr/local/texlive/2025basic/texmf-var/fonts/map/pdftex/updmap/pdftex.map}{/us
r/local/texlive/2025basic/texmf-dist/fonts/enc/dvips/cm-super/cm-super-t1.enc}]
 [2]

[3] (./Supplementary_Information_PRISMA.aux)
 ***********
LaTeX2e <2024-11-01> patch level 2
L3 programming layer <2025-01-18>
 ***********
Package rerunfilecheck Info: File `Supplementary_Information_PRISMA.out' has no
t changed.
(rerunfilecheck)             Checksum: D41D8CD98F00B204E9800998ECF8427E;0.
 ) 
Here is how much of TeX's memory you used:
 9526 strings out of 474662
 147468 string characters out of 5751108
 596035 words of memory out of 5000000
 32477 multiletter control sequences out of 15000+600000
 566791 words of font info for 52 fonts, out of 8000000 for 9000
 319 hyphenation exceptions out of 8191
 75i,6n,79p,342b,570s stack positions out of 10000i,1000n,20000p,200000b,200000s
</usr/local/texlive/2025basic/texmf-dist/fonts/type1/public/cm-super/sfbx1000
.pfb></usr/local/texlive/2025basic/texmf-dist/fonts/type1/public/cm-super/sfbx1
728.pfb></usr/local/texlive/2025basic/texmf-dist/fonts/type1/public/cm-super/sf
rm1000.pfb></usr/local/texlive/2025basic/texmf-dist/fonts/type1/public/cm-super
/sfrm1200.pfb></usr/local/texlive/2025basic/texmf-dist/fonts/type1/public/cm-su
per/sfti1000.pfb></usr/local/texlive/2025basic/texmf-dist/fonts/type1/public/cm
-super/sfti1200.pfb>
Output written on Supplementary_Information_PRISMA.pdf (3 pages, 129450 bytes).

PDF statistics:
 53 PDF objects out of 1000 (max. 8388607)
 35 compressed objects within 1 object stream
 5 named destinations out of 1000 (max. 500000)
 1 words of extra memory for PDF output out of 10000 (max. 10000000)

